================================================================================
  AI Galgame 模型测试脚本
  测试时间:
  代理地址:
  待测模型数量:
================================================================================

[1/17] 测试: Qwen3.5-35B-A3B (modelscope)
  [请求] Qwen3.5-35B-A3B (modelscope/Qwen/Qwen3.5-35B-A3B)
  [OK] 耗时: 22.6s | 质量分: 92 | dialog长度=52

  等待 3 秒...

[2/17] 测试: DeepSeek-V4-Flash (modelscope)
  [请求] DeepSeek-V4-Flash (modelscope/deepseek-ai/DeepSeek-V4-Flash)
  [FAIL] 耗时: 1.4s | 质量分: 0 | 响应内容为空

  等待 3 秒...

[3/17] 测试: DeepSeek-V4-Pro (modelscope)
  [请求] DeepSeek-V4-Pro (modelscope/deepseek-ai/DeepSeek-V4-Pro)
  [OK] 耗时: 17.2s | 质量分: 92 | dialog长度=98

  等待 3 秒...

[4/17] 测试: DeepSeek-V3.2 (modelscope)
  [请求] DeepSeek-V3.2 (modelscope/deepseek-ai/DeepSeek-V3.2)
  [OK] 耗时: 9.6s | 质量分: 86 | dialog长度=41

  等待 3 秒...

[5/17] 测试: GLM-4.7-Flash (modelscope)
  [请求] GLM-4.7-Flash (modelscope/ZhipuAI/GLM-4.7-Flash)
  [FAIL] 耗时: 516ms | 质量分: 0 | 响应内容为空

  等待 3 秒...

[6/17] 测试: GLM-5 (modelscope)
  [请求] GLM-5 (modelscope/ZhipuAI/GLM-5)
  [FAIL] 耗时: 404ms | 质量分: 0 | 响应内容为空

  等待 3 秒...

[7/17] 测试: Kimi-K2.5 (modelscope)
  [请求] Kimi-K2.5 (modelscope/moonshotai/Kimi-K2.5)
  [OK] 耗时: 5.7s | 质量分: 100 | dialog长度=103

  等待 3 秒...

[8/17] 测试: MiniMax-M2.5 (modelscope)
  [请求] MiniMax-M2.5 (modelscope/MiniMax/MiniMax-M2.5)
  [OK] 耗时: 12.7s | 质量分: 92 | dialog长度=66

  等待 3 秒...

[9/17] 测试: DeepSeek-R1-0528 (modelscope)
  [请求] DeepSeek-R1-0528 (modelscope/deepseek-ai/DeepSeek-R1-0528)
  [OK] 耗时: 10.1s | 质量分: 86 | dialog长度=20

  等待 3 秒...

[10/17] 测试: glm-4-flash-250414 (zhipu)
  [请求] glm-4-flash-250414 (zhipu/glm-4-flash-250414)
  [OK] 耗时: 5.0s | 质量分: 86 | dialog长度=48

  等待 3 秒...

[11/17] 测试: glm-4.7-flash (zhipu)
  [请求] glm-4.7-flash (zhipu/glm-4.7-flash)
  [FAIL] 耗时: 876ms | 质量分: 0 | HTTP 429: {"error":{"code":"1305","message":"该模型当前访问量过大，请您稍后再试"}}

  等待 3 秒...

[12/17] 测试: llama-4-maverick (nvidia)
  [请求] llama-4-maverick (nvidia/meta/llama-4-maverick-17b-128e-instruct)
  [OK] 耗时: 3.2s | 质量分: 86 | dialog长度=36

  等待 3 秒...

[13/17] 测试: gpt-oss-120b (nvidia)
  [请求] gpt-oss-120b (nvidia/openai/gpt-oss-120b)
  [OK] 耗时: 4.0s | 质量分: 86 | dialog长度=32

  等待 3 秒...

[14/17] 测试: gpt-oss-20b (nvidia)
  [请求] gpt-oss-20b (nvidia/openai/gpt-oss-20b)
  [OK] 耗时: 1.6s | 质量分: 86 | dialog长度=39

  等待 3 秒...

[15/17] 测试: kimi-k2-instruct (nvidia)
  [请求] kimi-k2-instruct (nvidia/moonshotai/kimi-k2-instruct)
  [OK] 耗时: 10.7s | 质量分: 92 | dialog长度=69

  等待 3 秒...

[16/17] 测试: qwen2.5-coder-32b (nvidia)
  [请求] qwen2.5-coder-32b (nvidia/qwen/qwen2.5-coder-32b-instruct)
  [OK] 耗时: 2.6s | 质量分: 92 | dialog长度=90

  等待 3 秒...

[17/17] 测试: llama-3.1-8b (nvidia)
  [请求] llama-3.1-8b (nvidia/meta/llama-3.1-8b-instruct)
  [OK] 耗时: 1.8s | 质量分: 80 | dialog长度=37, 缺少choices字段


========================================================================================================================
  测试结果汇总
========================================================================================================================
| 模型 | 提供商 | 状态 | 响应时间 | 质量分 | 备注 |
|------------------------|------------|--------|------------|----------|----------------------------------------|
| Qwen3.5-35B-A3B        | modelscope | Success | 22.6s      | 92       | dialog长度=52                            |
| DeepSeek-V4-Flash      | modelscope | Fail   | 1.4s       | 0        | 响应内容为空                                 |
| DeepSeek-V4-Pro        | modelscope | Success | 17.2s      | 92       | dialog长度=98                            |
| DeepSeek-V3.2          | modelscope | Success | 9.6s       | 86       | dialog长度=41                            |
| GLM-4.7-Flash          | modelscope | Fail   | 516ms      | 0        | 响应内容为空                                 |
| GLM-5                  | modelscope | Fail   | 404ms      | 0        | 响应内容为空                                 |
| Kimi-K2.5              | modelscope | Success | 5.7s       | 100      | dialog长度=103                           |
| MiniMax-M2.5           | modelscope | Success | 12.7s      | 92       | dialog长度=66                            |
| DeepSeek-R1-0528       | modelscope | Success | 10.1s      | 86       | dialog长度=20                            |
| glm-4-flash-250414     | zhipu      | Success | 5.0s       | 86       | dialog长度=48                            |
| glm-4.7-flash          | zhipu      | Fail   | 876ms      | 0        | HTTP 429: {"error":{"code":"1305","mes |
| llama-4-maverick       | nvidia     | Success | 3.2s       | 86       | dialog长度=36                            |
| gpt-oss-120b           | nvidia     | Success | 4.0s       | 86       | dialog长度=32                            |
| gpt-oss-20b            | nvidia     | Success | 1.6s       | 86       | dialog长度=39                            |
| kimi-k2-instruct       | nvidia     | Success | 10.7s      | 92       | dialog长度=69                            |
| qwen2.5-coder-32b      | nvidia     | Success | 2.6s       | 92       | dialog长度=90                            |
| llama-3.1-8b           | nvidia     | Success | 1.8s       | 80       | dialog长度=37, 缺少choices字段               |
|------------------------|------------|--------|------------|----------|----------------------------------------|

  成功: 13/17 | 失败: 4/17 | 平均质量分: 88.9 | 平均响应时间: 6.5s

  质量分排名 (从高到低):
    1. Kimi-K2.5 (modelscope) - 100分 - 5.7s
    2. Qwen3.5-35B-A3B (modelscope) - 92分 - 22.6s
    3. DeepSeek-V4-Pro (modelscope) - 92分 - 17.2s
    4. MiniMax-M2.5 (modelscope) - 92分 - 12.7s
    5. kimi-k2-instruct (nvidia) - 92分 - 10.7s
    6. qwen2.5-coder-32b (nvidia) - 92分 - 2.6s
    7. DeepSeek-V3.2 (modelscope) - 86分 - 9.6s
    8. DeepSeek-R1-0528 (modelscope) - 86分 - 10.1s
    9. glm-4-flash-250414 (zhipu) - 86分 - 5.0s
    10. llama-4-maverick (nvidia) - 86分 - 3.2s
    11. gpt-oss-120b (nvidia) - 86分 - 4.0s
    12. gpt-oss-20b (nvidia) - 86分 - 1.6s
    13. llama-3.1-8b (nvidia) - 80分 - 1.8s

  结果已保存到: D:\OneDrive\Desktop\web\test_results.json
